Archive member included to satisfy reference by file (symbol)

/usr/local/Cellar/avr-gcc/7.3.0/lib/avr-gcc/7/gcc/avr/7.3.0/avr25/libgcc.a(_exit.o)
                              /usr/local/Cellar/avr-gcc/7.3.0/lib/avr-gcc/7/gcc/avr/7.3.0/../../../../../../avr/lib/avr25/crtattiny85.o (exit)
/usr/local/Cellar/avr-gcc/7.3.0/lib/avr-gcc/7/gcc/avr/7.3.0/avr25/libgcc.a(_clear_bss.o)
                              OA_Beacon.o (__do_clear_bss)

Allocating common symbols
Common symbol       size              file

intflags            0x1               OA_Beacon.o

Memory Configuration

Name             Origin             Length             Attributes
text             0x0000000000000000 0x0000000000002000 xr
data             0x0000000000800060 0x000000000000ffa0 rw !x
eeprom           0x0000000000810000 0x0000000000010000 rw !x
fuse             0x0000000000820000 0x0000000000000400 rw !x
lock             0x0000000000830000 0x0000000000000400 rw !x
signature        0x0000000000840000 0x0000000000000400 rw !x
user_signatures  0x0000000000850000 0x0000000000000400 rw !x
*default*        0x0000000000000000 0xffffffffffffffff

Linker script and memory map

LOAD /usr/local/Cellar/avr-gcc/7.3.0/lib/avr-gcc/7/gcc/avr/7.3.0/../../../../../../avr/lib/avr25/crtattiny85.o
LOAD OA_Beacon.o
START GROUP
LOAD /usr/local/Cellar/avr-gcc/7.3.0/lib/avr-gcc/7/gcc/avr/7.3.0/avr25/libgcc.a
LOAD /usr/local/Cellar/avr-gcc/7.3.0/lib/avr-gcc/7/gcc/avr/7.3.0/../../../../../../avr/lib/avr25/libm.a
LOAD /usr/local/Cellar/avr-gcc/7.3.0/lib/avr-gcc/7/gcc/avr/7.3.0/../../../../../../avr/lib/avr25/libc.a
LOAD /usr/local/Cellar/avr-gcc/7.3.0/lib/avr-gcc/7/gcc/avr/7.3.0/../../../../../../avr/lib/avr25/libattiny85.a
END GROUP
                0x0000000000002000                __TEXT_REGION_LENGTH__ = DEFINED (__TEXT_REGION_LENGTH__)?__TEXT_REGION_LENGTH__:0x2000
                0x000000000000ffa0                __DATA_REGION_LENGTH__ = DEFINED (__DATA_REGION_LENGTH__)?__DATA_REGION_LENGTH__:0xffa0
                0x0000000000010000                __EEPROM_REGION_LENGTH__ = DEFINED (__EEPROM_REGION_LENGTH__)?__EEPROM_REGION_LENGTH__:0x10000
                0x0000000000000400                __FUSE_REGION_LENGTH__ = DEFINED (__FUSE_REGION_LENGTH__)?__FUSE_REGION_LENGTH__:0x400
                0x0000000000000400                __LOCK_REGION_LENGTH__ = DEFINED (__LOCK_REGION_LENGTH__)?__LOCK_REGION_LENGTH__:0x400
                0x0000000000000400                __SIGNATURE_REGION_LENGTH__ = DEFINED (__SIGNATURE_REGION_LENGTH__)?__SIGNATURE_REGION_LENGTH__:0x400
                0x0000000000000400                __USER_SIGNATURE_REGION_LENGTH__ = DEFINED (__USER_SIGNATURE_REGION_LENGTH__)?__USER_SIGNATURE_REGION_LENGTH__:0x400

.hash
 *(.hash)

.dynsym
 *(.dynsym)

.dynstr
 *(.dynstr)

.gnu.version
 *(.gnu.version)

.gnu.version_d
 *(.gnu.version_d)

.gnu.version_r
 *(.gnu.version_r)

.rel.init
 *(.rel.init)

.rela.init
 *(.rela.init)

.rel.text
 *(.rel.text)
 *(.rel.text.*)
 *(.rel.gnu.linkonce.t*)

.rela.text
 *(.rela.text)
 *(.rela.text.*)
 *(.rela.gnu.linkonce.t*)

.rel.fini
 *(.rel.fini)

.rela.fini
 *(.rela.fini)

.rel.rodata
 *(.rel.rodata)
 *(.rel.rodata.*)
 *(.rel.gnu.linkonce.r*)

.rela.rodata
 *(.rela.rodata)
 *(.rela.rodata.*)
 *(.rela.gnu.linkonce.r*)

.rel.data
 *(.rel.data)
 *(.rel.data.*)
 *(.rel.gnu.linkonce.d*)

.rela.data
 *(.rela.data)
 *(.rela.data.*)
 *(.rela.gnu.linkonce.d*)

.rel.ctors
 *(.rel.ctors)

.rela.ctors
 *(.rela.ctors)

.rel.dtors
 *(.rel.dtors)

.rela.dtors
 *(.rela.dtors)

.rel.got
 *(.rel.got)

.rela.got
 *(.rela.got)

.rel.bss
 *(.rel.bss)

.rela.bss
 *(.rela.bss)

.rel.plt
 *(.rel.plt)

.rela.plt
 *(.rela.plt)

.text           0x0000000000000000      0x232
 *(.vectors)
 .vectors       0x0000000000000000       0x1e /usr/local/Cellar/avr-gcc/7.3.0/lib/avr-gcc/7/gcc/avr/7.3.0/../../../../../../avr/lib/avr25/crtattiny85.o
                0x0000000000000000                __vectors
                0x0000000000000000                __vector_default
 *(.vectors)
 *(.progmem.gcc*)
                0x000000000000001e                . = ALIGN (0x2)
                0x000000000000001e                __trampolines_start = .
 *(.trampolines)
 .trampolines   0x000000000000001e        0x0 linker stubs
 *(.trampolines*)
                0x000000000000001e                __trampolines_end = .
 *libprintf_flt.a:*(.progmem.data)
 *libc.a:*(.progmem.data)
 *(.progmem.*)
                0x000000000000001e                . = ALIGN (0x2)
 *(.lowtext)
 *(.lowtext*)
                0x000000000000001e                __ctors_start = .
 *(.ctors)
                0x000000000000001e                __ctors_end = .
                0x000000000000001e                __dtors_start = .
 *(.dtors)
                0x000000000000001e                __dtors_end = .
 SORT_BY_NAME(*)(.ctors)
 SORT_BY_NAME(*)(.dtors)
 *(.init0)
 .init0         0x000000000000001e        0x0 /usr/local/Cellar/avr-gcc/7.3.0/lib/avr-gcc/7/gcc/avr/7.3.0/../../../../../../avr/lib/avr25/crtattiny85.o
                0x000000000000001e                __init
 *(.init0)
 *(.init1)
 *(.init1)
 *(.init2)
 .init2         0x000000000000001e        0xc /usr/local/Cellar/avr-gcc/7.3.0/lib/avr-gcc/7/gcc/avr/7.3.0/../../../../../../avr/lib/avr25/crtattiny85.o
 *(.init2)
 *(.init3)
 *(.init3)
 *(.init4)
 .init4         0x000000000000002a       0x10 /usr/local/Cellar/avr-gcc/7.3.0/lib/avr-gcc/7/gcc/avr/7.3.0/avr25/libgcc.a(_clear_bss.o)
                0x000000000000002a                __do_clear_bss
 *(.init4)
 *(.init5)
 *(.init5)
 *(.init6)
 *(.init6)
 *(.init7)
 *(.init7)
 *(.init8)
 *(.init8)
 *(.init9)
 .init9         0x000000000000003a        0x4 /usr/local/Cellar/avr-gcc/7.3.0/lib/avr-gcc/7/gcc/avr/7.3.0/../../../../../../avr/lib/avr25/crtattiny85.o
 *(.init9)
 *(.text)
 .text          0x000000000000003e        0x2 /usr/local/Cellar/avr-gcc/7.3.0/lib/avr-gcc/7/gcc/avr/7.3.0/../../../../../../avr/lib/avr25/crtattiny85.o
                0x000000000000003e                __vector_10
                0x000000000000003e                __vector_12
                0x000000000000003e                __bad_interrupt
                0x000000000000003e                __vector_6
                0x000000000000003e                __vector_3
                0x000000000000003e                __vector_11
                0x000000000000003e                __vector_13
                0x000000000000003e                __vector_4
                0x000000000000003e                __vector_9
                0x000000000000003e                __vector_8
                0x000000000000003e                __vector_14
                0x000000000000003e                __vector_1
 .text          0x0000000000000040       0x6e OA_Beacon.o
                0x0000000000000040                __vector_5
                0x0000000000000062                __vector_7
                0x0000000000000084                __vector_2
 .text          0x00000000000000ae        0x0 /usr/local/Cellar/avr-gcc/7.3.0/lib/avr-gcc/7/gcc/avr/7.3.0/avr25/libgcc.a(_exit.o)
 .text          0x00000000000000ae        0x0 /usr/local/Cellar/avr-gcc/7.3.0/lib/avr-gcc/7/gcc/avr/7.3.0/avr25/libgcc.a(_clear_bss.o)
                0x00000000000000ae                . = ALIGN (0x2)
 *(.text.*)
 .text.startup  0x00000000000000ae      0x180 OA_Beacon.o
                0x00000000000000ae                main
 .text.libgcc.mul
                0x000000000000022e        0x0 /usr/local/Cellar/avr-gcc/7.3.0/lib/avr-gcc/7/gcc/avr/7.3.0/avr25/libgcc.a(_exit.o)
 .text.libgcc.div
                0x000000000000022e        0x0 /usr/local/Cellar/avr-gcc/7.3.0/lib/avr-gcc/7/gcc/avr/7.3.0/avr25/libgcc.a(_exit.o)
 .text.libgcc   0x000000000000022e        0x0 /usr/local/Cellar/avr-gcc/7.3.0/lib/avr-gcc/7/gcc/avr/7.3.0/avr25/libgcc.a(_exit.o)
 .text.libgcc.prologue
                0x000000000000022e        0x0 /usr/local/Cellar/avr-gcc/7.3.0/lib/avr-gcc/7/gcc/avr/7.3.0/avr25/libgcc.a(_exit.o)
 .text.libgcc.builtins
                0x000000000000022e        0x0 /usr/local/Cellar/avr-gcc/7.3.0/lib/avr-gcc/7/gcc/avr/7.3.0/avr25/libgcc.a(_exit.o)
 .text.libgcc.fmul
                0x000000000000022e        0x0 /usr/local/Cellar/avr-gcc/7.3.0/lib/avr-gcc/7/gcc/avr/7.3.0/avr25/libgcc.a(_exit.o)
 .text.libgcc.fixed
                0x000000000000022e        0x0 /usr/local/Cellar/avr-gcc/7.3.0/lib/avr-gcc/7/gcc/avr/7.3.0/avr25/libgcc.a(_exit.o)
 .text.libgcc.mul
                0x000000000000022e        0x0 /usr/local/Cellar/avr-gcc/7.3.0/lib/avr-gcc/7/gcc/avr/7.3.0/avr25/libgcc.a(_clear_bss.o)
 .text.libgcc.div
                0x000000000000022e        0x0 /usr/local/Cellar/avr-gcc/7.3.0/lib/avr-gcc/7/gcc/avr/7.3.0/avr25/libgcc.a(_clear_bss.o)
 .text.libgcc   0x000000000000022e        0x0 /usr/local/Cellar/avr-gcc/7.3.0/lib/avr-gcc/7/gcc/avr/7.3.0/avr25/libgcc.a(_clear_bss.o)
 .text.libgcc.prologue
                0x000000000000022e        0x0 /usr/local/Cellar/avr-gcc/7.3.0/lib/avr-gcc/7/gcc/avr/7.3.0/avr25/libgcc.a(_clear_bss.o)
 .text.libgcc.builtins
                0x000000000000022e        0x0 /usr/local/Cellar/avr-gcc/7.3.0/lib/avr-gcc/7/gcc/avr/7.3.0/avr25/libgcc.a(_clear_bss.o)
 .text.libgcc.fmul
                0x000000000000022e        0x0 /usr/local/Cellar/avr-gcc/7.3.0/lib/avr-gcc/7/gcc/avr/7.3.0/avr25/libgcc.a(_clear_bss.o)
 .text.libgcc.fixed
                0x000000000000022e        0x0 /usr/local/Cellar/avr-gcc/7.3.0/lib/avr-gcc/7/gcc/avr/7.3.0/avr25/libgcc.a(_clear_bss.o)
                0x000000000000022e                . = ALIGN (0x2)
 *(.fini9)
 .fini9         0x000000000000022e        0x0 /usr/local/Cellar/avr-gcc/7.3.0/lib/avr-gcc/7/gcc/avr/7.3.0/avr25/libgcc.a(_exit.o)
                0x000000000000022e                exit
                0x000000000000022e                _exit
 *(.fini9)
 *(.fini8)
 *(.fini8)
 *(.fini7)
 *(.fini7)
 *(.fini6)
 *(.fini6)
 *(.fini5)
 *(.fini5)
 *(.fini4)
 *(.fini4)
 *(.fini3)
 *(.fini3)
 *(.fini2)
 *(.fini2)
 *(.fini1)
 *(.fini1)
 *(.fini0)
 .fini0         0x000000000000022e        0x4 /usr/local/Cellar/avr-gcc/7.3.0/lib/avr-gcc/7/gcc/avr/7.3.0/avr25/libgcc.a(_exit.o)
 *(.fini0)
 *(.hightext)
 *(.hightext*)
 *(.progmemx.*)
                0x0000000000000232                . = ALIGN (0x2)
 *(.jumptables)
 *(.jumptables*)
                0x0000000000000232                _etext = .

.data           0x0000000000800060        0x0 load address 0x0000000000000232
                [!provide]                        PROVIDE (__data_start = .)
 *(.data)
 .data          0x0000000000800060        0x0 /usr/local/Cellar/avr-gcc/7.3.0/lib/avr-gcc/7/gcc/avr/7.3.0/../../../../../../avr/lib/avr25/crtattiny85.o
 .data          0x0000000000800060        0x0 OA_Beacon.o
 .data          0x0000000000800060        0x0 /usr/local/Cellar/avr-gcc/7.3.0/lib/avr-gcc/7/gcc/avr/7.3.0/avr25/libgcc.a(_exit.o)
 .data          0x0000000000800060        0x0 /usr/local/Cellar/avr-gcc/7.3.0/lib/avr-gcc/7/gcc/avr/7.3.0/avr25/libgcc.a(_clear_bss.o)
 *(.data*)
 *(.gnu.linkonce.d*)
 *(.rodata)
 *(.rodata*)
 *(.gnu.linkonce.r*)
                0x0000000000800060                . = ALIGN (0x2)
                0x0000000000800060                _edata = .
                [!provide]                        PROVIDE (__data_end = .)

.bss            0x0000000000800060        0x1
                0x0000000000800060                PROVIDE (__bss_start = .)
 *(.bss)
 .bss           0x0000000000800060        0x0 /usr/local/Cellar/avr-gcc/7.3.0/lib/avr-gcc/7/gcc/avr/7.3.0/../../../../../../avr/lib/avr25/crtattiny85.o
 .bss           0x0000000000800060        0x0 OA_Beacon.o
 .bss           0x0000000000800060        0x0 /usr/local/Cellar/avr-gcc/7.3.0/lib/avr-gcc/7/gcc/avr/7.3.0/avr25/libgcc.a(_exit.o)
 .bss           0x0000000000800060        0x0 /usr/local/Cellar/avr-gcc/7.3.0/lib/avr-gcc/7/gcc/avr/7.3.0/avr25/libgcc.a(_clear_bss.o)
 *(.bss*)
 *(COMMON)
 COMMON         0x0000000000800060        0x1 OA_Beacon.o
                0x0000000000800060                intflags
                0x0000000000800061                PROVIDE (__bss_end = .)
                0x0000000000000232                __data_load_start = LOADADDR (.data)
                0x0000000000000232                __data_load_end = (__data_load_start + SIZEOF (.data))

.noinit         0x0000000000800061        0x0
                [!provide]                        PROVIDE (__noinit_start = .)
 *(.noinit*)
                [!provide]                        PROVIDE (__noinit_end = .)
                0x0000000000800061                _end = .
                [!provide]                        PROVIDE (__heap_start = .)

.eeprom         0x0000000000810000        0x0
 *(.eeprom*)
                0x0000000000810000                __eeprom_end = .

.fuse
 *(.fuse)
 *(.lfuse)
 *(.hfuse)
 *(.efuse)

.lock
 *(.lock*)

.signature
 *(.signature*)

.stab           0x0000000000000000      0x9a8
 *(.stab)
 .stab          0x0000000000000000      0x9a8 OA_Beacon.o

.stabstr        0x0000000000000000      0xe7b
 *(.stabstr)
 .stabstr       0x0000000000000000      0xe7b OA_Beacon.o

.stab.excl
 *(.stab.excl)

.stab.exclstr
 *(.stab.exclstr)

.stab.index
 *(.stab.index)

.stab.indexstr
 *(.stab.indexstr)

.comment        0x0000000000000000       0x11
 *(.comment)
 .comment       0x0000000000000000       0x11 OA_Beacon.o
                                         0x12 (size before relaxing)

.note.gnu.avr.deviceinfo
                0x0000000000000000       0x3c
 .note.gnu.avr.deviceinfo
                0x0000000000000000       0x3c /usr/local/Cellar/avr-gcc/7.3.0/lib/avr-gcc/7/gcc/avr/7.3.0/../../../../../../avr/lib/avr25/crtattiny85.o

.note.gnu.build-id
 *(.note.gnu.build-id)

.debug
 *(.debug)

.line
 *(.line)

.debug_srcinfo
 *(.debug_srcinfo)

.debug_sfnames
 *(.debug_sfnames)

.debug_aranges  0x0000000000000000       0x40
 *(.debug_aranges)
 .debug_aranges
                0x0000000000000000       0x20 /usr/local/Cellar/avr-gcc/7.3.0/lib/avr-gcc/7/gcc/avr/7.3.0/avr25/libgcc.a(_exit.o)
 .debug_aranges
                0x0000000000000020       0x20 /usr/local/Cellar/avr-gcc/7.3.0/lib/avr-gcc/7/gcc/avr/7.3.0/avr25/libgcc.a(_clear_bss.o)

.debug_pubnames
 *(.debug_pubnames)

.debug_info     0x0000000000000000      0x46c
 *(.debug_info .gnu.linkonce.wi.*)
 .debug_info    0x0000000000000000      0x420 /usr/local/Cellar/avr-gcc/7.3.0/lib/avr-gcc/7/gcc/avr/7.3.0/../../../../../../avr/lib/avr25/crtattiny85.o
 .debug_info    0x0000000000000420       0x26 /usr/local/Cellar/avr-gcc/7.3.0/lib/avr-gcc/7/gcc/avr/7.3.0/avr25/libgcc.a(_exit.o)
 .debug_info    0x0000000000000446       0x26 /usr/local/Cellar/avr-gcc/7.3.0/lib/avr-gcc/7/gcc/avr/7.3.0/avr25/libgcc.a(_clear_bss.o)

.debug_abbrev   0x0000000000000000      0x410
 *(.debug_abbrev)
 .debug_abbrev  0x0000000000000000      0x3e8 /usr/local/Cellar/avr-gcc/7.3.0/lib/avr-gcc/7/gcc/avr/7.3.0/../../../../../../avr/lib/avr25/crtattiny85.o
 .debug_abbrev  0x00000000000003e8       0x14 /usr/local/Cellar/avr-gcc/7.3.0/lib/avr-gcc/7/gcc/avr/7.3.0/avr25/libgcc.a(_exit.o)
 .debug_abbrev  0x00000000000003fc       0x14 /usr/local/Cellar/avr-gcc/7.3.0/lib/avr-gcc/7/gcc/avr/7.3.0/avr25/libgcc.a(_clear_bss.o)

.debug_line     0x0000000000000000      0x103
 *(.debug_line .debug_line.* .debug_line_end)
 .debug_line    0x0000000000000000       0x1d /usr/local/Cellar/avr-gcc/7.3.0/lib/avr-gcc/7/gcc/avr/7.3.0/../../../../../../avr/lib/avr25/crtattiny85.o
 .debug_line    0x000000000000001d       0x61 /usr/local/Cellar/avr-gcc/7.3.0/lib/avr-gcc/7/gcc/avr/7.3.0/avr25/libgcc.a(_exit.o)
 .debug_line    0x000000000000007e       0x85 /usr/local/Cellar/avr-gcc/7.3.0/lib/avr-gcc/7/gcc/avr/7.3.0/avr25/libgcc.a(_clear_bss.o)

.debug_frame
 *(.debug_frame)

.debug_str      0x0000000000000000      0x1ec
 *(.debug_str)
 .debug_str     0x0000000000000000      0x169 /usr/local/Cellar/avr-gcc/7.3.0/lib/avr-gcc/7/gcc/avr/7.3.0/../../../../../../avr/lib/avr25/crtattiny85.o
 .debug_str     0x0000000000000169       0x83 /usr/local/Cellar/avr-gcc/7.3.0/lib/avr-gcc/7/gcc/avr/7.3.0/avr25/libgcc.a(_exit.o)
 .debug_str     0x00000000000001ec       0x83 /usr/local/Cellar/avr-gcc/7.3.0/lib/avr-gcc/7/gcc/avr/7.3.0/avr25/libgcc.a(_clear_bss.o)

.debug_loc
 *(.debug_loc)

.debug_macinfo
 *(.debug_macinfo)

.debug_weaknames
 *(.debug_weaknames)

.debug_funcnames
 *(.debug_funcnames)

.debug_typenames
 *(.debug_typenames)

.debug_varnames
 *(.debug_varnames)

.debug_pubtypes
 *(.debug_pubtypes)

.debug_ranges
 *(.debug_ranges)

.debug_macro
 *(.debug_macro)

.debug_addr
 *(.debug_addr)
OUTPUT(OA_Beacon.elf elf32-avr)
LOAD linker stubs

Cross Reference Table

Symbol                                            File
__bad_interrupt                                   /usr/local/Cellar/avr-gcc/7.3.0/lib/avr-gcc/7/gcc/avr/7.3.0/../../../../../../avr/lib/avr25/crtattiny85.o
__bss_end                                         /usr/local/Cellar/avr-gcc/7.3.0/lib/avr-gcc/7/gcc/avr/7.3.0/avr25/libgcc.a(_clear_bss.o)
__bss_start                                       /usr/local/Cellar/avr-gcc/7.3.0/lib/avr-gcc/7/gcc/avr/7.3.0/avr25/libgcc.a(_clear_bss.o)
__do_clear_bss                                    /usr/local/Cellar/avr-gcc/7.3.0/lib/avr-gcc/7/gcc/avr/7.3.0/avr25/libgcc.a(_clear_bss.o)
                                                  OA_Beacon.o
__heap_end                                        /usr/local/Cellar/avr-gcc/7.3.0/lib/avr-gcc/7/gcc/avr/7.3.0/../../../../../../avr/lib/avr25/crtattiny85.o
__init                                            /usr/local/Cellar/avr-gcc/7.3.0/lib/avr-gcc/7/gcc/avr/7.3.0/../../../../../../avr/lib/avr25/crtattiny85.o
__stack                                           /usr/local/Cellar/avr-gcc/7.3.0/lib/avr-gcc/7/gcc/avr/7.3.0/../../../../../../avr/lib/avr25/crtattiny85.o
__vector_1                                        /usr/local/Cellar/avr-gcc/7.3.0/lib/avr-gcc/7/gcc/avr/7.3.0/../../../../../../avr/lib/avr25/crtattiny85.o
__vector_10                                       /usr/local/Cellar/avr-gcc/7.3.0/lib/avr-gcc/7/gcc/avr/7.3.0/../../../../../../avr/lib/avr25/crtattiny85.o
__vector_11                                       /usr/local/Cellar/avr-gcc/7.3.0/lib/avr-gcc/7/gcc/avr/7.3.0/../../../../../../avr/lib/avr25/crtattiny85.o
__vector_12                                       /usr/local/Cellar/avr-gcc/7.3.0/lib/avr-gcc/7/gcc/avr/7.3.0/../../../../../../avr/lib/avr25/crtattiny85.o
__vector_13                                       /usr/local/Cellar/avr-gcc/7.3.0/lib/avr-gcc/7/gcc/avr/7.3.0/../../../../../../avr/lib/avr25/crtattiny85.o
__vector_14                                       /usr/local/Cellar/avr-gcc/7.3.0/lib/avr-gcc/7/gcc/avr/7.3.0/../../../../../../avr/lib/avr25/crtattiny85.o
__vector_2                                        OA_Beacon.o
                                                  /usr/local/Cellar/avr-gcc/7.3.0/lib/avr-gcc/7/gcc/avr/7.3.0/../../../../../../avr/lib/avr25/crtattiny85.o
__vector_3                                        /usr/local/Cellar/avr-gcc/7.3.0/lib/avr-gcc/7/gcc/avr/7.3.0/../../../../../../avr/lib/avr25/crtattiny85.o
__vector_4                                        /usr/local/Cellar/avr-gcc/7.3.0/lib/avr-gcc/7/gcc/avr/7.3.0/../../../../../../avr/lib/avr25/crtattiny85.o
__vector_5                                        OA_Beacon.o
                                                  /usr/local/Cellar/avr-gcc/7.3.0/lib/avr-gcc/7/gcc/avr/7.3.0/../../../../../../avr/lib/avr25/crtattiny85.o
__vector_6                                        /usr/local/Cellar/avr-gcc/7.3.0/lib/avr-gcc/7/gcc/avr/7.3.0/../../../../../../avr/lib/avr25/crtattiny85.o
__vector_7                                        OA_Beacon.o
                                                  /usr/local/Cellar/avr-gcc/7.3.0/lib/avr-gcc/7/gcc/avr/7.3.0/../../../../../../avr/lib/avr25/crtattiny85.o
__vector_8                                        /usr/local/Cellar/avr-gcc/7.3.0/lib/avr-gcc/7/gcc/avr/7.3.0/../../../../../../avr/lib/avr25/crtattiny85.o
__vector_9                                        /usr/local/Cellar/avr-gcc/7.3.0/lib/avr-gcc/7/gcc/avr/7.3.0/../../../../../../avr/lib/avr25/crtattiny85.o
__vector_default                                  /usr/local/Cellar/avr-gcc/7.3.0/lib/avr-gcc/7/gcc/avr/7.3.0/../../../../../../avr/lib/avr25/crtattiny85.o
__vectors                                         /usr/local/Cellar/avr-gcc/7.3.0/lib/avr-gcc/7/gcc/avr/7.3.0/../../../../../../avr/lib/avr25/crtattiny85.o
_exit                                             /usr/local/Cellar/avr-gcc/7.3.0/lib/avr-gcc/7/gcc/avr/7.3.0/avr25/libgcc.a(_exit.o)
exit                                              /usr/local/Cellar/avr-gcc/7.3.0/lib/avr-gcc/7/gcc/avr/7.3.0/avr25/libgcc.a(_exit.o)
                                                  /usr/local/Cellar/avr-gcc/7.3.0/lib/avr-gcc/7/gcc/avr/7.3.0/../../../../../../avr/lib/avr25/crtattiny85.o
intflags                                          OA_Beacon.o
main                                              OA_Beacon.o
                                                  /usr/local/Cellar/avr-gcc/7.3.0/lib/avr-gcc/7/gcc/avr/7.3.0/../../../../../../avr/lib/avr25/crtattiny85.o
