   1               		.file	"OA_Beacon.c"
   2               	__SP_H__ = 0x3e
   3               	__SP_L__ = 0x3d
   4               	__SREG__ = 0x3f
   5               	__tmp_reg__ = 0
   6               	__zero_reg__ = 1
   8               		.text
   9               	.Ltext0:
 115               	.global	__vector_5
 117               	__vector_5:
   1:OA_Beacon.c   **** //
   2:OA_Beacon.c   **** //  Beacon.c
   3:OA_Beacon.c   **** //
   4:OA_Beacon.c   **** //  Created by Atle Kleven on 31-07-2024.
   5:OA_Beacon.c   **** //  Copyright Atle Kleven 031-07-2024. All rights reserved.
   6:OA_Beacon.c   **** //
   7:OA_Beacon.c   **** 
   8:OA_Beacon.c   **** 
   9:OA_Beacon.c   **** 
  10:OA_Beacon.c   **** #include <stdint.h>
  11:OA_Beacon.c   **** #include <stdlib.h>
  12:OA_Beacon.c   **** #include <inttypes.h>
  13:OA_Beacon.c   **** #include <avr/interrupt.h>
  14:OA_Beacon.c   **** #include <avr/io.h>
  15:OA_Beacon.c   **** #include <avr/sleep.h>
  16:OA_Beacon.c   **** #include <util/delay.h>
  17:OA_Beacon.c   **** 
  18:OA_Beacon.c   **** #include "OA_Beacon.h"
  19:OA_Beacon.c   **** 
  20:OA_Beacon.c   **** 
  21:OA_Beacon.c   **** 
  22:OA_Beacon.c   **** /* Part 1: Macro definitions */
  23:OA_Beacon.c   **** 
  24:OA_Beacon.c   **** 	/* See also headder file */
  25:OA_Beacon.c   **** 
  26:OA_Beacon.c   **** /* Part 2: Variable definitions */
  27:OA_Beacon.c   **** 
  28:OA_Beacon.c   **** 
  29:OA_Beacon.c   **** /*
  30:OA_Beacon.c   ****  * Bits that are set inside interrupt routines, and watched outside in
  31:OA_Beacon.c   ****  * the program's main loop.
  32:OA_Beacon.c   ****  */
  33:OA_Beacon.c   **** volatile struct
  34:OA_Beacon.c   **** {
  35:OA_Beacon.c   ****   uint8_t tmr0_int: 1;
  36:OA_Beacon.c   ****   uint8_t tmr1_int: 1;
  37:OA_Beacon.c   ****   uint8_t anacomp_int: 1;
  38:OA_Beacon.c   ****   int8_t pinchange_int: 1;
  39:OA_Beacon.c   **** }
  40:OA_Beacon.c   **** intflags;
  41:OA_Beacon.c   **** 
  42:OA_Beacon.c   **** 
  43:OA_Beacon.c   **** 
  44:OA_Beacon.c   **** 
  45:OA_Beacon.c   **** /* Part 3: Interrupt service routines */
  46:OA_Beacon.c   **** 	
  47:OA_Beacon.c   **** 	
  48:OA_Beacon.c   **** ISR(TIM0_OVF_vect){
 119               	.LM0:
 120               	.LFBB1:
 121 0000 8F93 8FB7 		__gcc_isr 1
 121      8F93 
 122               	/* prologue: Signal */
 123               	/* frame size = 0 */
 124               	/* stack size = 0...4 */
 125               	.L__stack_usage = 0 + __gcc_isr.n_pushed
  49:OA_Beacon.c   **** 	intflags.tmr0_int = 1;		/* Mark the occurence of timer0 overflow interrupt */
 127               	.LM1:
 128 0006 8091 0000 		lds r24,intflags
 129 000a 8160      		ori r24,lo8(1<<0)
 130 000c 8093 0000 		sts intflags,r24
 131               	/* epilogue start */
  50:OA_Beacon.c   **** 	}
 133               	.LM2:
 134 0010 8F91 8FBF 		__gcc_isr 2
 134      8F91 
 135 0016 1895      		reti
 136               		__gcc_isr 0,r24
 138               	.Lscope1:
 140               	.global	__vector_7
 142               	__vector_7:
  51:OA_Beacon.c   **** 
  52:OA_Beacon.c   **** ISR(ANA_COMP_vect){
 144               	.LM3:
 145               	.LFBB2:
 146 0018 8F93 8FB7 		__gcc_isr 1
 146      8F93 
 147               	/* prologue: Signal */
 148               	/* frame size = 0 */
 149               	/* stack size = 0...4 */
 150               	.L__stack_usage = 0 + __gcc_isr.n_pushed
  53:OA_Beacon.c   ****     intflags.anacomp_int = 1; /* Mark the occurence of an analog comparator interrupt*/
 152               	.LM4:
 153 001e 8091 0000 		lds r24,intflags
 154 0022 8460      		ori r24,lo8(1<<2)
 155 0024 8093 0000 		sts intflags,r24
 156               	/* epilogue start */
  54:OA_Beacon.c   **** }
 158               	.LM5:
 159 0028 8F91 8FBF 		__gcc_isr 2
 159      8F91 
 160 002e 1895      		reti
 161               		__gcc_isr 0,r24
 163               	.Lscope2:
 165               	.global	__vector_2
 167               	__vector_2:
  55:OA_Beacon.c   **** 
  56:OA_Beacon.c   **** ISR(PCINT0_vect){
 169               	.LM6:
 170               	.LFBB3:
 171 0030 8F93 8FB7 		__gcc_isr 1
 171      8F93 
 172 0036 9F93      		push r25
 173               	/* prologue: Signal */
 174               	/* frame size = 0 */
 175               	/* stack size = 1...5 */
 176               	.L__stack_usage = 1 + __gcc_isr.n_pushed
  57:OA_Beacon.c   ****     intflags.pinchange_int = 1; /* Mark the occurence of a pin change interrupt*/
 178               	.LM7:
 179 0038 8091 0000 		lds r24,intflags
 180 003c 9FEF      		ldi r25,lo8(-1)
 181 003e 90FB      		bst r25,0
 182 0040 83F9      		bld r24,3
 183 0042 8093 0000 		sts intflags,r24
 184               	/* epilogue start */
  58:OA_Beacon.c   **** }
 186               	.LM8:
 187 0046 9F91      		pop r25
 188 0048 8F91 8FBF 		__gcc_isr 2
 188      8F91 
 189 004e 1895      		reti
 190               		__gcc_isr 0,r24
 192               	.Lscope3:
 193               		.section	.text.startup,"ax",@progbits
 195               	.global	main
 197               	main:
  59:OA_Beacon.c   **** 
  60:OA_Beacon.c   **** /* Part 4: Auxiliary functions */
  61:OA_Beacon.c   **** 
  62:OA_Beacon.c   **** /*
  63:OA_Beacon.c   ****  * Do all the startup-time peripheral initializations.
  64:OA_Beacon.c   ****  */
  65:OA_Beacon.c   **** static void
  66:OA_Beacon.c   **** 	ioinit(void)
  67:OA_Beacon.c   **** {
  68:OA_Beacon.c   ****         /* if useing a 8 MHz clock with 8 prescaler (1000000MHz) */
  69:OA_Beacon.c   ****         /* Set MCU master clock prescaler to 64 for a CPU_FREQUENCY of 8MHz/64=125000Hz */
  70:OA_Beacon.c   ****         /* signal a clockchage */
  71:OA_Beacon.c   ****         CLKPR = _BV(7);
  72:OA_Beacon.c   ****         /* set prescaler to 64 */
  73:OA_Beacon.c   ****         CLKPR = _BV(CLKPS2) | _BV(CLKPS1);
  74:OA_Beacon.c   **** /* FUSE bit settings for this setup for avrdude
  75:OA_Beacon.c   ****  * -U lfuse:w:0x62:m -U hfuse:w:0xdf:m -U efuse:w:0xff:m
  76:OA_Beacon.c   ****  */
  77:OA_Beacon.c   ****         
  78:OA_Beacon.c   ****  /*
  79:OA_Beacon.c   ****    * Set up the 8-bit timer 0.
  80:OA_Beacon.c   ****    *
  81:OA_Beacon.c   ****    * Timer 0 will be set up prescaled with system clock / 1024
  82:OA_Beacon.c   ****    * producing a timer wrap around period of apporx 2 seconds
  83:OA_Beacon.c   ****    * up-counting until overflow where an overflow intererupt will be asserted (TOEI0 in TIMSK)
  84:OA_Beacon.c   ****    * The timer is set in fast pwm mode (WGM1 and WGM0 in TCCR0A)
  85:OA_Beacon.c   ****    * NO: Output compare interrupt at value of OCR0A (OCIE0A in TIMSK)
  86:OA_Beacon.c   ****    * Toggle pin OC0A (PB0) at counter compare match with OCR0A
  87:OA_Beacon.c   ****    * The timer0 will be started by setting the prescaler (CS02..0 in TCCR0B)
  88:OA_Beacon.c   ****    */
  89:OA_Beacon.c   ****    
  90:OA_Beacon.c   ****         /* set the timer to fast PWM mode */
  91:OA_Beacon.c   ****         TCCR0A |= _BV(WGM01) | _BV(WGM00);
  92:OA_Beacon.c   ****         /* Set to output compare match to set pin OC0A*/
  93:OA_Beacon.c   ****         TCCR0A |= _BV(COM0A1);
  94:OA_Beacon.c   ****         /* set the timer compare value to desired FLASH ON counter cycles*/
  95:OA_Beacon.c   ****         OCR0A = TMR0_PWM_TRESH;
  96:OA_Beacon.c   ****         /* Set the FLASH (OC0A) pin as output */
  97:OA_Beacon.c   ****         FLASH_DDR |= _BV(FLASH);
  98:OA_Beacon.c   ****         /* Enabel timer overflow interrupt*/
  99:OA_Beacon.c   ****         TIMSK |= _BV(TOIE0);
 100:OA_Beacon.c   ****         /* Start timing sequence by setting the prescaler */
 101:OA_Beacon.c   ****         TCCR0B |= TMR0_PRESC_V;
 102:OA_Beacon.c   ****  
 103:OA_Beacon.c   ****  /*
 104:OA_Beacon.c   ****   * Setup the analog comparator
 105:OA_Beacon.c   ****   * Reference voltage 1,1V from bandgap voltage
 106:OA_Beacon.c   ****   */
 107:OA_Beacon.c   ****         /* Make sure the ADC is turned off */
 108:OA_Beacon.c   ****         ADCSRA &= ~_BV(ADEN);
 109:OA_Beacon.c   ****         /* enable the ADC multiplexer on analog comparator input to choose the right pin input */
 110:OA_Beacon.c   ****         ADCSRB |= _BV(ACME);
 111:OA_Beacon.c   ****         /* Set the adc multiplexer to pin PB3 */
 112:OA_Beacon.c   ****         ADMUX |= _BV(MUX1) | _BV(MUX0);
 113:OA_Beacon.c   ****         /* Enable the adc bandgap selector for the analog comparator */
 114:OA_Beacon.c   ****         ACSR |= _BV(ACBG);
 115:OA_Beacon.c   ****         /* Set the bandgap to 1.1V without external bypass capacitor, disconnected form PB0(AREF)*/
 116:OA_Beacon.c   ****         ADMUX |= _BV(REFS1);
 117:OA_Beacon.c   ****         /* Set the interrupt mode to toggle on any EDGE */ /* from night to day to night */
 118:OA_Beacon.c   ****         ACSR &= ~_BV(ACIS1) & ~_BV(ACIS0);
 119:OA_Beacon.c   ****         /* Disable the digital input buffer on AIN1 (the negative pin on the analog comparator)*/
 120:OA_Beacon.c   ****         DIDR0 |= _BV(ADC3D);
 121:OA_Beacon.c   ****         /* enable the analog comparator */
 122:OA_Beacon.c   ****         ACSR &= ~_BV(ACD);
 123:OA_Beacon.c   ****         /* Enable analog comparator interrupt */
 124:OA_Beacon.c   ****         ACSR |= _BV(ACIE);
 125:OA_Beacon.c   ****         
 126:OA_Beacon.c   ****         
 127:OA_Beacon.c   ****   
 128:OA_Beacon.c   ****   /* Enable pull-ups for binary inputs *
 129:OA_Beacon.c   ****    * Setting the PORTxn bits for pins configured as inputs,
 130:OA_Beacon.c   ****    * DDRxn = 0, enables pullup resistors.
 131:OA_Beacon.c   ****    */
 132:OA_Beacon.c   ****         
 133:OA_Beacon.c   ****         PORTB = _BV(ENABlE_FLASH_PIN);
 134:OA_Beacon.c   **** 
 135:OA_Beacon.c   ****   /*
 136:OA_Beacon.c   ****    * Enable Port outputs:
 137:OA_Beacon.c   ****    * setting the PORTxn bit enables the pin as output
 138:OA_Beacon.c   ****    */
 139:OA_Beacon.c   ****   
 140:OA_Beacon.c   ****    #if defined (__TestSetup_STK500__)
 141:OA_Beacon.c   ****       AMBIENT_LIGHT_DDR |= _BV(AMBIENT_LIGHT);
 142:OA_Beacon.c   ****    #endif
 143:OA_Beacon.c   **** 
 144:OA_Beacon.c   **** 	/* 
 145:OA_Beacon.c   **** 	 * Enable extrenal interrupts on the input pins
 146:OA_Beacon.c   **** 	 */
 147:OA_Beacon.c   **** 
 148:OA_Beacon.c   **** 	PCMSK |= _BV(PCINT4);
 149:OA_Beacon.c   **** 	/* Enable PIN Change interrupt */
 150:OA_Beacon.c   **** 	GIMSK |= _BV(PCIE); 
 151:OA_Beacon.c   **** 
 152:OA_Beacon.c   **** 
 153:OA_Beacon.c   **** 
 154:OA_Beacon.c   **** 
 155:OA_Beacon.c   ****   /* Start with idle sleep mode */
 156:OA_Beacon.c   ****     set_sleep_mode(SLEEP_MODE_IDLE);
 157:OA_Beacon.c   ****         
 158:OA_Beacon.c   **** 	sei();			/* enable interrupts */
 159:OA_Beacon.c   **** 
 160:OA_Beacon.c   **** 	
 161:OA_Beacon.c   **** } /* END ioinit */
 162:OA_Beacon.c   **** 
 163:OA_Beacon.c   **** 
 164:OA_Beacon.c   **** 
 165:OA_Beacon.c   **** /* Part 5: main() */
 166:OA_Beacon.c   **** 
 167:OA_Beacon.c   **** int
 168:OA_Beacon.c   **** main(void)
 169:OA_Beacon.c   **** {
 199               	.LM9:
 200               	.LFBB4:
 201               	/* prologue: function */
 202               	/* frame size = 0 */
 203               	/* stack size = 0 */
 204               	.L__stack_usage = 0
 205               	.LBB4:
 206               	.LBB5:
  71:OA_Beacon.c   ****         /* set prescaler to 64 */
 208               	.LM10:
 209 0000 80E8      		ldi r24,lo8(-128)
 210 0002 86BD      		out 0x26,r24
  73:OA_Beacon.c   **** /* FUSE bit settings for this setup for avrdude
 212               	.LM11:
 213 0004 86E0      		ldi r24,lo8(6)
 214 0006 86BD      		out 0x26,r24
  91:OA_Beacon.c   ****         /* Set to output compare match to set pin OC0A*/
 216               	.LM12:
 217 0008 8AB5      		in r24,0x2a
 218 000a 8360      		ori r24,lo8(3)
 219 000c 8ABD      		out 0x2a,r24
  93:OA_Beacon.c   ****         /* set the timer compare value to desired FLASH ON counter cycles*/
 221               	.LM13:
 222 000e 8AB5      		in r24,0x2a
 223 0010 8068      		ori r24,lo8(-128)
 224 0012 8ABD      		out 0x2a,r24
  95:OA_Beacon.c   ****         /* Set the FLASH (OC0A) pin as output */
 226               	.LM14:
 227 0014 8BE0      		ldi r24,lo8(11)
 228 0016 89BD      		out 0x29,r24
  97:OA_Beacon.c   ****         /* Enabel timer overflow interrupt*/
 230               	.LM15:
 231 0018 B89A      		sbi 0x17,0
  99:OA_Beacon.c   ****         /* Start timing sequence by setting the prescaler */
 233               	.LM16:
 234 001a 89B7      		in r24,0x39
 235 001c 8260      		ori r24,lo8(2)
 236 001e 89BF      		out 0x39,r24
 101:OA_Beacon.c   ****  
 238               	.LM17:
 239 0020 83B7      		in r24,0x33
 240 0022 8560      		ori r24,lo8(5)
 241 0024 83BF      		out 0x33,r24
 108:OA_Beacon.c   ****         /* enable the ADC multiplexer on analog comparator input to choose the right pin input */
 243               	.LM18:
 244 0026 3798      		cbi 0x6,7
 110:OA_Beacon.c   ****         /* Set the adc multiplexer to pin PB3 */
 246               	.LM19:
 247 0028 1E9A      		sbi 0x3,6
 112:OA_Beacon.c   ****         /* Enable the adc bandgap selector for the analog comparator */
 249               	.LM20:
 250 002a 87B1      		in r24,0x7
 251 002c 8360      		ori r24,lo8(3)
 252 002e 87B9      		out 0x7,r24
 114:OA_Beacon.c   ****         /* Set the bandgap to 1.1V without external bypass capacitor, disconnected form PB0(AREF)*/
 254               	.LM21:
 255 0030 469A      		sbi 0x8,6
 116:OA_Beacon.c   ****         /* Set the interrupt mode to toggle on any EDGE */ /* from night to day to night */
 257               	.LM22:
 258 0032 3F9A      		sbi 0x7,7
 118:OA_Beacon.c   ****         /* Disable the digital input buffer on AIN1 (the negative pin on the analog comparator)*/
 260               	.LM23:
 261 0034 88B1      		in r24,0x8
 262 0036 8C7F      		andi r24,lo8(-4)
 263 0038 88B9      		out 0x8,r24
 120:OA_Beacon.c   ****         /* enable the analog comparator */
 265               	.LM24:
 266 003a A39A      		sbi 0x14,3
 122:OA_Beacon.c   ****         /* Enable analog comparator interrupt */
 268               	.LM25:
 269 003c 4798      		cbi 0x8,7
 124:OA_Beacon.c   ****         
 271               	.LM26:
 272 003e 439A      		sbi 0x8,3
 133:OA_Beacon.c   **** 
 274               	.LM27:
 275 0040 80E1      		ldi r24,lo8(16)
 276 0042 88BB      		out 0x18,r24
 148:OA_Beacon.c   **** 	/* Enable PIN Change interrupt */
 278               	.LM28:
 279 0044 AC9A      		sbi 0x15,4
 150:OA_Beacon.c   **** 
 281               	.LM29:
 282 0046 8BB7      		in r24,0x3b
 283 0048 8062      		ori r24,lo8(32)
 284 004a 8BBF      		out 0x3b,r24
 156:OA_Beacon.c   ****         
 286               	.LM30:
 287 004c 85B7      		in r24,0x35
 288 004e 877E      		andi r24,lo8(-25)
 289 0050 85BF      		out 0x35,r24
 158:OA_Beacon.c   **** 
 291               	.LM31:
 292               	/* #APP */
 293               	 ;  158 "OA_Beacon.c" 1
 294 0052 7894      		sei
 295               	 ;  0 "" 2
 296               	/* #NOAPP */
 297               	.LBE5:
 298               	.LBE4:
 170:OA_Beacon.c   ****   /*
 171:OA_Beacon.c   ****    * Our modus of operation.
 172:OA_Beacon.c   ****    * MODE_IDLE means we watch out for a change from the analog comparator
 173:OA_Beacon.c   ****    * MODE_DEEP_SLEEP means we are waiting to start the beacon
 174:OA_Beacon.c   ****    */
 175:OA_Beacon.c   ****  enum
 176:OA_Beacon.c   ****   {
 177:OA_Beacon.c   ****     MODE_IDLE,
 178:OA_Beacon.c   ****     MODE_WAIT,
 179:OA_Beacon.c   **** 	  MODE_CHANGE,
 180:OA_Beacon.c   ****     MODE_DEEP_SLEEP
 181:OA_Beacon.c   ****   } __attribute__((packed)) mode = MODE_DEEP_SLEEP;
 182:OA_Beacon.c   ****   
 183:OA_Beacon.c   ****     // enum
 184:OA_Beacon.c   ****     //  {
 185:OA_Beacon.c   ****     //    FROM_NIGHT,
 186:OA_Beacon.c   ****     //    FROM_DAY
 187:OA_Beacon.c   ****     //  } __attribute__((packed)) last_mode;
 188:OA_Beacon.c   ****     
 189:OA_Beacon.c   **** 
 190:OA_Beacon.c   ****     uint8_t wait_state = INITIAL_WAIT; // holds the number of blink sequences to wait before really
 191:OA_Beacon.c   ****     
 192:OA_Beacon.c   **** 
 193:OA_Beacon.c   **** 	/* initialize the hardware */
 194:OA_Beacon.c   ****   ioinit();
 195:OA_Beacon.c   **** 
 196:OA_Beacon.c   **** /* set the intfalgs.anacomp to initialize the state of the beacon */
 197:OA_Beacon.c   **** intflags.anacomp_int = 1;
 300               	.LM32:
 301 0054 8091 0000 		lds r24,intflags
 302 0058 8460      		ori r24,lo8(1<<2)
 303 005a 8093 0000 		sts intflags,r24
 190:OA_Beacon.c   ****     
 305               	.LM33:
 306 005e 95E0      		ldi r25,lo8(5)
 181:OA_Beacon.c   ****   
 308               	.LM34:
 309 0060 83E0      		ldi r24,lo8(3)
 198:OA_Beacon.c   **** 
 199:OA_Beacon.c   ****   for (;;)
 200:OA_Beacon.c   ****     {
 201:OA_Beacon.c   **** 		
 202:OA_Beacon.c   **** 		/* For all interrupts check the system status */   
 203:OA_Beacon.c   **** 		  switch (mode)
 204:OA_Beacon.c   **** 			{
 205:OA_Beacon.c   ****         case MODE_IDLE:
 206:OA_Beacon.c   ****                     /*
 207:OA_Beacon.c   ****                     * The Beacon is in DAY or NIGHT MODE 
 208:OA_Beacon.c   ****                     * A voltage passing between the 1.1V threshold on the AMBIENT_LIGHT_ADC pin sho
 209:OA_Beacon.c   ****                     */
 210:OA_Beacon.c   **** 
 211:OA_Beacon.c   ****                    /* first check the staus of the ENABLE_FLASH_PIN */
 212:OA_Beacon.c   ****                     if (bit_is_clear(ENABlE_FLASH_PORT,ENABlE_FLASH_PIN))
 213:OA_Beacon.c   ****                       {
 214:OA_Beacon.c   ****                         /* shut down the beacon and set in deepsleep */
 215:OA_Beacon.c   ****                         set_sleep_mode(SLEEP_MODE_PWR_DOWN);
 216:OA_Beacon.c   ****                         mode = MODE_DEEP_SLEEP;
 217:OA_Beacon.c   ****                         break;
 218:OA_Beacon.c   ****                       }
 219:OA_Beacon.c   ****                         
 220:OA_Beacon.c   ****                         
 221:OA_Beacon.c   ****                       
 222:OA_Beacon.c   ****                       
 223:OA_Beacon.c   ****                     /* analog comparator interrupt flag set on toggle state*/
 224:OA_Beacon.c   ****                       if (intflags.anacomp_int)
 225:OA_Beacon.c   ****                       {
 226:OA_Beacon.c   ****                         /* an analog comparator interrupt has occured */
 227:OA_Beacon.c   ****                         /* reset the analog comparator interrupt flag */
 228:OA_Beacon.c   ****                         intflags.anacomp_int = 0;
 229:OA_Beacon.c   ****                         /* disable the analog comparator interrupt*/
 230:OA_Beacon.c   ****                         ACSR &= ~_BV(ACIE);
 231:OA_Beacon.c   **** 
 232:OA_Beacon.c   ****                         /* start the timer here to enable the wait state */
 233:OA_Beacon.c   ****                         /* power up the timer0 */
 234:OA_Beacon.c   ****                         PRR &= ~_BV(PRTIM0);
 235:OA_Beacon.c   ****                         /* enable the timer0 top interrupt */
 236:OA_Beacon.c   ****                         TIMSK |= _BV(TOIE0);
 237:OA_Beacon.c   **** 
 238:OA_Beacon.c   ****                         /* check the status of the analog comparator and setup the current mode */
 239:OA_Beacon.c   ****                         if bit_is_set(ACSR, ACO){
 240:OA_Beacon.c   ****                             /* The analog comparator is positive (NIGHT) */
 241:OA_Beacon.c   **** 
 242:OA_Beacon.c   **** #if defined (__TestSetup_STK500__)                    
 243:OA_Beacon.c   ****   AMBIENT_LIGHT_PORT |= _BV(AMBIENT_LIGHT); // reflect this on the AMBIENT LIGHT PIN
 244:OA_Beacon.c   **** #endif
 245:OA_Beacon.c   ****                             /* disconnect compare match from the output pin FLASH */
 246:OA_Beacon.c   ****                             TCCR0A &= ~_BV(COM0A1);
 247:OA_Beacon.c   **** 
 248:OA_Beacon.c   ****                               /* enable the FLASH pin as output */
 249:OA_Beacon.c   ****                               FLASH_DDR |= _BV(FLASH);
 250:OA_Beacon.c   ****                               FLASHPORT &= ~_BV(FLASH); // make sure the FLASH is OFF
 251:OA_Beacon.c   ****                             /* start timing sequence by setting the prescaler */
 252:OA_Beacon.c   ****                             TCCR0B = TMR0_PRESC_V;                
 253:OA_Beacon.c   ****                         } 
 254:OA_Beacon.c   ****                             
 255:OA_Beacon.c   **** #if defined (__TestSetup_STK500__)
 256:OA_Beacon.c   ****                         else
 257:OA_Beacon.c   ****                             {
 258:OA_Beacon.c   ****                             /* The analog comparator is negative (DAY) */                    
 259:OA_Beacon.c   ****        AMBIENT_LIGHT_PORT &= ~_BV(AMBIENT_LIGHT);// reflect this on the AMBIENT LIGHT PIN
 260:OA_Beacon.c   ****                             } /* END else */
 261:OA_Beacon.c   **** #endif
 262:OA_Beacon.c   ****                             
 263:OA_Beacon.c   ****                             /* start timing sequence by setting the prescaler */
 264:OA_Beacon.c   ****                             TCCR0B = TMR0_PRESC_V;
 265:OA_Beacon.c   ****                         /* Change mode */
 266:OA_Beacon.c   ****                         mode = MODE_WAIT;
 267:OA_Beacon.c   **** 
 268:OA_Beacon.c   ****                       }       
 269:OA_Beacon.c   **** 				 break;
 270:OA_Beacon.c   **** 			
 271:OA_Beacon.c   ****       case MODE_WAIT:
 272:OA_Beacon.c   ****                 /* in this mode we wait some seconds before entering the new night or day mode */
 273:OA_Beacon.c   ****                 if (intflags.tmr0_int)
 274:OA_Beacon.c   ****                 {
 275:OA_Beacon.c   ****                   intflags.tmr0_int = 0;
 276:OA_Beacon.c   ****                   if (--wait_state == 0)
 277:OA_Beacon.c   ****                   { 
 278:OA_Beacon.c   ****                     wait_state = INITIAL_WAIT;
 279:OA_Beacon.c   ****                     mode = MODE_CHANGE; 
 280:OA_Beacon.c   ****                   }
 281:OA_Beacon.c   ****                 }
 282:OA_Beacon.c   ****                 
 283:OA_Beacon.c   ****           break;
 284:OA_Beacon.c   **** 			case MODE_CHANGE:
 285:OA_Beacon.c   ****                         /* check state of comparator after the wait to set the right mode */
 286:OA_Beacon.c   ****                         /* the state is detected even if the interrupt is disabled */
 287:OA_Beacon.c   ****                        if bit_is_set(ACSR, ACO){
 288:OA_Beacon.c   ****                             // FROM_DAY;
 289:OA_Beacon.c   ****                             /* last_mode == FROM_DAY */
 290:OA_Beacon.c   ****                             /* Enable the OCOA pin as output, start blinking */
 291:OA_Beacon.c   ****                             TCCR0A |= _BV(COM0A1);
 292:OA_Beacon.c   ****                         }
 293:OA_Beacon.c   ****                        else {
 294:OA_Beacon.c   ****                             // FROM_NIGHT;
 295:OA_Beacon.c   ****                             /* disable the pwm and timer0 */
 296:OA_Beacon.c   ****                             /* disable the timer0 interrupt */
 297:OA_Beacon.c   ****                             TIMSK &= ~_BV(TOIE0);
 298:OA_Beacon.c   ****                             /* Stop timing sequence by setting the prescaler to 0 */
 299:OA_Beacon.c   ****                             TCCR0B = TMR0_PRESC_0;
 311               	.LM35:
 312 0062 48EF      		ldi r20,lo8(-8)
 264:OA_Beacon.c   ****                         /* Change mode */
 314               	.LM36:
 315 0064 35E0      		ldi r19,lo8(5)
 316               	.L13:
 203:OA_Beacon.c   **** 			{
 318               	.LM37:
 319 0066 8230      		cpi r24,lo8(2)
 320 0068 01F4      		brne .+2
 321 006a 00C0      		rjmp .L5
 322 006c 8330      		cpi r24,lo8(3)
 323 006e 01F4      		brne .+2
 324 0070 00C0      		rjmp .L6
 325 0072 8130      		cpi r24,lo8(1)
 326 0074 01F0      		breq .L7
 212:OA_Beacon.c   ****                       {
 328               	.LM38:
 329 0076 B499      		sbic 0x16,4
 330 0078 00C0      		rjmp .L8
 215:OA_Beacon.c   ****                         mode = MODE_DEEP_SLEEP;
 332               	.LM39:
 333 007a 85B7      		in r24,0x35
 334 007c 877E      		andi r24,lo8(-25)
 335 007e 8061      		ori r24,lo8(16)
 336 0080 85BF      		out 0x35,r24
 216:OA_Beacon.c   ****                         break;
 338               	.LM40:
 339 0082 83E0      		ldi r24,lo8(3)
 340               	.L9:
 300:OA_Beacon.c   ****                             /* disconnect compare match from the output pin FLASH (OCOA) */
 301:OA_Beacon.c   ****                             TCCR0A &= ~_BV(COM0A1);
 302:OA_Beacon.c   ****                             /* reset the timer0 counter register */
 303:OA_Beacon.c   ****                             TCNT0 = 0;
 304:OA_Beacon.c   ****                             /* power down the timer0 */
 305:OA_Beacon.c   ****                             PRR |= _BV(PRTIM0);
 306:OA_Beacon.c   ****                             
 307:OA_Beacon.c   ****                            /* enable FLASH as output after disconnection from timer */
 308:OA_Beacon.c   ****                             FLASH_DDR |= _BV(FLASH);
 309:OA_Beacon.c   ****                              /* TURN OFF the FLASH pin */
 310:OA_Beacon.c   ****                             FLASHPORT &= ~_BV(FLASH);
 311:OA_Beacon.c   ****                             }
 312:OA_Beacon.c   ****                          
 313:OA_Beacon.c   ****                         
 314:OA_Beacon.c   ****                         /* change mode */
 315:OA_Beacon.c   ****                         mode = MODE_IDLE;
 316:OA_Beacon.c   ****                         /* Enable analog comparator interrupt */
 317:OA_Beacon.c   ****                         ACSR |= _BV(ACIE);                          
 318:OA_Beacon.c   ****        
 319:OA_Beacon.c   **** 					break;
 320:OA_Beacon.c   ****       case MODE_DEEP_SLEEP:
 321:OA_Beacon.c   ****                   /* check the status of the ENABLE_FLASH_PIN. Turn ON the Beacon? */
 322:OA_Beacon.c   ****                   if (intflags.pinchange_int)
 323:OA_Beacon.c   ****                   {
 324:OA_Beacon.c   ****                     intflags.pinchange_int=0;
 325:OA_Beacon.c   ****                     if (bit_is_set(ENABlE_FLASH_PORT,ENABlE_FLASH_PIN))
 326:OA_Beacon.c   ****                     {
 327:OA_Beacon.c   ****                       /* set the intfalgs.anacomp to initialize the state of the beacon */
 328:OA_Beacon.c   ****                       intflags.anacomp_int = 1;
 329:OA_Beacon.c   ****                       mode = MODE_IDLE;
 330:OA_Beacon.c   ****                       set_sleep_mode(SLEEP_MODE_IDLE);
 331:OA_Beacon.c   ****                     }
 332:OA_Beacon.c   ****                   }
 333:OA_Beacon.c   ****             break;
 334:OA_Beacon.c   ****                   
 335:OA_Beacon.c   ****                   
 336:OA_Beacon.c   **** 			}
 337:OA_Beacon.c   **** 			/*end case */
 338:OA_Beacon.c   ****         
 339:OA_Beacon.c   ****         /* The analog comparator is only enabled in the idle sleep mode (SLEEP_MODE_IDLE) */
 340:OA_Beacon.c   ****         /* Put the MCU in sleep and wait for next interrupt */
 341:OA_Beacon.c   ****         sleep_mode();
 342               	.LM41:
 343 0084 25B7      		in r18,0x35
 344 0086 2062      		ori r18,lo8(32)
 345 0088 25BF      		out 0x35,r18
 346               	/* #APP */
 347               	 ;  341 "OA_Beacon.c" 1
 348 008a 8895      		sleep
 349               		
 350               	 ;  0 "" 2
 351               	/* #NOAPP */
 352 008c 25B7      		in r18,0x35
 353 008e 2F7D      		andi r18,lo8(-33)
 354 0090 25BF      		out 0x35,r18
 203:OA_Beacon.c   **** 			{
 356               	.LM42:
 357 0092 00C0      		rjmp .L13
 358               	.L8:
 224:OA_Beacon.c   ****                       {
 360               	.LM43:
 361 0094 8091 0000 		lds r24,intflags
 224:OA_Beacon.c   ****                       {
 363               	.LM44:
 364 0098 82FF      		sbrs r24,2
 365 009a 00C0      		rjmp .L14
 228:OA_Beacon.c   ****                         /* disable the analog comparator interrupt*/
 367               	.LM45:
 368 009c 8091 0000 		lds r24,intflags
 369 00a0 8B7F      		andi r24,lo8(~(1<<2))
 370 00a2 8093 0000 		sts intflags,r24
 230:OA_Beacon.c   **** 
 372               	.LM46:
 373 00a6 4398      		cbi 0x8,3
 234:OA_Beacon.c   ****                         /* enable the timer0 top interrupt */
 375               	.LM47:
 376 00a8 80B5      		in r24,0x20
 377 00aa 8B7F      		andi r24,lo8(-5)
 378 00ac 80BD      		out 0x20,r24
 236:OA_Beacon.c   **** 
 380               	.LM48:
 381 00ae 89B7      		in r24,0x39
 382 00b0 8260      		ori r24,lo8(2)
 383 00b2 89BF      		out 0x39,r24
 239:OA_Beacon.c   ****                             /* The analog comparator is positive (NIGHT) */
 385               	.LM49:
 386 00b4 459B      		sbis 0x8,5
 387 00b6 00C0      		rjmp .L10
 246:OA_Beacon.c   **** 
 389               	.LM50:
 390 00b8 8AB5      		in r24,0x2a
 391 00ba 8F77      		andi r24,lo8(127)
 392 00bc 8ABD      		out 0x2a,r24
 249:OA_Beacon.c   ****                               FLASHPORT &= ~_BV(FLASH); // make sure the FLASH is OFF
 394               	.LM51:
 395 00be B89A      		sbi 0x17,0
 250:OA_Beacon.c   ****                             /* start timing sequence by setting the prescaler */
 397               	.LM52:
 398 00c0 C098      		cbi 0x18,0
 252:OA_Beacon.c   ****                         } 
 400               	.LM53:
 401 00c2 33BF      		out 0x33,r19
 402               	.L10:
 264:OA_Beacon.c   ****                         /* Change mode */
 404               	.LM54:
 405 00c4 33BF      		out 0x33,r19
 266:OA_Beacon.c   **** 
 407               	.LM55:
 408 00c6 81E0      		ldi r24,lo8(1)
 409 00c8 00C0      		rjmp .L9
 410               	.L7:
 273:OA_Beacon.c   ****                 {
 412               	.LM56:
 413 00ca 2091 0000 		lds r18,intflags
 273:OA_Beacon.c   ****                 {
 415               	.LM57:
 416 00ce 20FF      		sbrs r18,0
 417 00d0 00C0      		rjmp .L9
 275:OA_Beacon.c   ****                   if (--wait_state == 0)
 419               	.LM58:
 420 00d2 2091 0000 		lds r18,intflags
 421 00d6 2E7F      		andi r18,lo8(~(1<<0))
 422 00d8 2093 0000 		sts intflags,r18
 276:OA_Beacon.c   ****                   { 
 424               	.LM59:
 425 00dc 9150      		subi r25,lo8(-(-1))
 426 00de 01F4      		brne .L9
 278:OA_Beacon.c   ****                     mode = MODE_CHANGE; 
 428               	.LM60:
 429 00e0 95E0      		ldi r25,lo8(5)
 279:OA_Beacon.c   ****                   }
 431               	.LM61:
 432 00e2 82E0      		ldi r24,lo8(2)
 433 00e4 00C0      		rjmp .L9
 434               	.L5:
 287:OA_Beacon.c   ****                             // FROM_DAY;
 436               	.LM62:
 437 00e6 459B      		sbis 0x8,5
 438 00e8 00C0      		rjmp .L11
 291:OA_Beacon.c   ****                         }
 440               	.LM63:
 441 00ea 8AB5      		in r24,0x2a
 442 00ec 8068      		ori r24,lo8(-128)
 443 00ee 8ABD      		out 0x2a,r24
 444               	.L12:
 317:OA_Beacon.c   ****        
 446               	.LM64:
 447 00f0 439A      		sbi 0x8,3
 448               	.L14:
 449 00f2 80E0      		ldi r24,0
 450 00f4 00C0      		rjmp .L9
 451               	.L11:
 297:OA_Beacon.c   ****                             /* Stop timing sequence by setting the prescaler to 0 */
 453               	.LM65:
 454 00f6 89B7      		in r24,0x39
 455 00f8 8D7F      		andi r24,lo8(-3)
 456 00fa 89BF      		out 0x39,r24
 299:OA_Beacon.c   ****                             /* disconnect compare match from the output pin FLASH (OCOA) */
 458               	.LM66:
 459 00fc 43BF      		out 0x33,r20
 301:OA_Beacon.c   ****                             /* reset the timer0 counter register */
 461               	.LM67:
 462 00fe 8AB5      		in r24,0x2a
 463 0100 8F77      		andi r24,lo8(127)
 464 0102 8ABD      		out 0x2a,r24
 303:OA_Beacon.c   ****                             /* power down the timer0 */
 466               	.LM68:
 467 0104 12BE      		out 0x32,__zero_reg__
 305:OA_Beacon.c   ****                             
 469               	.LM69:
 470 0106 80B5      		in r24,0x20
 471 0108 8460      		ori r24,lo8(4)
 472 010a 80BD      		out 0x20,r24
 308:OA_Beacon.c   ****                              /* TURN OFF the FLASH pin */
 474               	.LM70:
 475 010c B89A      		sbi 0x17,0
 310:OA_Beacon.c   ****                             }
 477               	.LM71:
 478 010e C098      		cbi 0x18,0
 479 0110 00C0      		rjmp .L12
 480               	.L6:
 322:OA_Beacon.c   ****                   {
 482               	.LM72:
 483 0112 2091 0000 		lds r18,intflags
 322:OA_Beacon.c   ****                   {
 485               	.LM73:
 486 0116 23FF      		sbrs r18,3
 487 0118 00C0      		rjmp .L9
 324:OA_Beacon.c   ****                     if (bit_is_set(ENABlE_FLASH_PORT,ENABlE_FLASH_PIN))
 489               	.LM74:
 490 011a 2091 0000 		lds r18,intflags
 491 011e 277F      		andi r18,lo8(~(1<<3))
 492 0120 2093 0000 		sts intflags,r18
 325:OA_Beacon.c   ****                     {
 494               	.LM75:
 495 0124 B49B      		sbis 0x16,4
 496 0126 00C0      		rjmp .L9
 328:OA_Beacon.c   ****                       mode = MODE_IDLE;
 498               	.LM76:
 499 0128 8091 0000 		lds r24,intflags
 500 012c 8460      		ori r24,lo8(1<<2)
 501 012e 8093 0000 		sts intflags,r24
 330:OA_Beacon.c   ****                     }
 503               	.LM77:
 504 0132 85B7      		in r24,0x35
 505 0134 877E      		andi r24,lo8(-25)
 506 0136 85BF      		out 0x35,r24
 507 0138 00C0      		rjmp .L14
 513               	.Lscope4:
 514               		.comm	intflags,1,1
 516               		.text
 518               	.Letext0:
 519               		.ident	"GCC: (Homebrew AVR GCC 9.4.0_1) 9.4.0"
 520               	.global __do_clear_bss
DEFINED SYMBOLS
                            *ABS*:00000000 OA_Beacon.c
/var/folders/5q/f38rkw6s47l_f5mvx2vsh8m00000gq/T//ccVwiIq1.s:2      *ABS*:0000003e __SP_H__
/var/folders/5q/f38rkw6s47l_f5mvx2vsh8m00000gq/T//ccVwiIq1.s:3      *ABS*:0000003d __SP_L__
/var/folders/5q/f38rkw6s47l_f5mvx2vsh8m00000gq/T//ccVwiIq1.s:4      *ABS*:0000003f __SREG__
/var/folders/5q/f38rkw6s47l_f5mvx2vsh8m00000gq/T//ccVwiIq1.s:5      *ABS*:00000000 __tmp_reg__
/var/folders/5q/f38rkw6s47l_f5mvx2vsh8m00000gq/T//ccVwiIq1.s:6      *ABS*:00000001 __zero_reg__
/var/folders/5q/f38rkw6s47l_f5mvx2vsh8m00000gq/T//ccVwiIq1.s:117    .text:00000000 __vector_5
                            *ABS*:00000002 __gcc_isr.n_pushed.001
                            *COM*:00000001 intflags
/var/folders/5q/f38rkw6s47l_f5mvx2vsh8m00000gq/T//ccVwiIq1.s:142    .text:00000018 __vector_7
                            *ABS*:00000002 __gcc_isr.n_pushed.002
/var/folders/5q/f38rkw6s47l_f5mvx2vsh8m00000gq/T//ccVwiIq1.s:167    .text:00000030 __vector_2
                            *ABS*:00000002 __gcc_isr.n_pushed.003
/var/folders/5q/f38rkw6s47l_f5mvx2vsh8m00000gq/T//ccVwiIq1.s:197    .text.startup:00000000 main
/var/folders/5q/f38rkw6s47l_f5mvx2vsh8m00000gq/T//ccVwiIq1.s:320    .text.startup:0000006a L0
/var/folders/5q/f38rkw6s47l_f5mvx2vsh8m00000gq/T//ccVwiIq1.s:323    .text.startup:00000070 L0
/var/folders/5q/f38rkw6s47l_f5mvx2vsh8m00000gq/T//ccVwiIq1.s:9      .text:00000000 .Ltext0
/var/folders/5q/f38rkw6s47l_f5mvx2vsh8m00000gq/T//ccVwiIq1.s:119    .text:00000000 .LM0
/var/folders/5q/f38rkw6s47l_f5mvx2vsh8m00000gq/T//ccVwiIq1.s:127    .text:00000006 .LM1
/var/folders/5q/f38rkw6s47l_f5mvx2vsh8m00000gq/T//ccVwiIq1.s:133    .text:00000010 .LM2
/var/folders/5q/f38rkw6s47l_f5mvx2vsh8m00000gq/T//ccVwiIq1.s:144    .text:00000018 .LM3
/var/folders/5q/f38rkw6s47l_f5mvx2vsh8m00000gq/T//ccVwiIq1.s:152    .text:0000001e .LM4
/var/folders/5q/f38rkw6s47l_f5mvx2vsh8m00000gq/T//ccVwiIq1.s:158    .text:00000028 .LM5
/var/folders/5q/f38rkw6s47l_f5mvx2vsh8m00000gq/T//ccVwiIq1.s:169    .text:00000030 .LM6
/var/folders/5q/f38rkw6s47l_f5mvx2vsh8m00000gq/T//ccVwiIq1.s:178    .text:00000038 .LM7
/var/folders/5q/f38rkw6s47l_f5mvx2vsh8m00000gq/T//ccVwiIq1.s:186    .text:00000046 .LM8
/var/folders/5q/f38rkw6s47l_f5mvx2vsh8m00000gq/T//ccVwiIq1.s:199    .text.startup:00000000 .LM9
/var/folders/5q/f38rkw6s47l_f5mvx2vsh8m00000gq/T//ccVwiIq1.s:208    .text.startup:00000000 .LM10
/var/folders/5q/f38rkw6s47l_f5mvx2vsh8m00000gq/T//ccVwiIq1.s:212    .text.startup:00000004 .LM11
/var/folders/5q/f38rkw6s47l_f5mvx2vsh8m00000gq/T//ccVwiIq1.s:216    .text.startup:00000008 .LM12
/var/folders/5q/f38rkw6s47l_f5mvx2vsh8m00000gq/T//ccVwiIq1.s:221    .text.startup:0000000e .LM13
/var/folders/5q/f38rkw6s47l_f5mvx2vsh8m00000gq/T//ccVwiIq1.s:226    .text.startup:00000014 .LM14
/var/folders/5q/f38rkw6s47l_f5mvx2vsh8m00000gq/T//ccVwiIq1.s:230    .text.startup:00000018 .LM15
/var/folders/5q/f38rkw6s47l_f5mvx2vsh8m00000gq/T//ccVwiIq1.s:233    .text.startup:0000001a .LM16
/var/folders/5q/f38rkw6s47l_f5mvx2vsh8m00000gq/T//ccVwiIq1.s:238    .text.startup:00000020 .LM17
/var/folders/5q/f38rkw6s47l_f5mvx2vsh8m00000gq/T//ccVwiIq1.s:243    .text.startup:00000026 .LM18
/var/folders/5q/f38rkw6s47l_f5mvx2vsh8m00000gq/T//ccVwiIq1.s:246    .text.startup:00000028 .LM19
/var/folders/5q/f38rkw6s47l_f5mvx2vsh8m00000gq/T//ccVwiIq1.s:249    .text.startup:0000002a .LM20
/var/folders/5q/f38rkw6s47l_f5mvx2vsh8m00000gq/T//ccVwiIq1.s:254    .text.startup:00000030 .LM21
/var/folders/5q/f38rkw6s47l_f5mvx2vsh8m00000gq/T//ccVwiIq1.s:257    .text.startup:00000032 .LM22
/var/folders/5q/f38rkw6s47l_f5mvx2vsh8m00000gq/T//ccVwiIq1.s:260    .text.startup:00000034 .LM23
/var/folders/5q/f38rkw6s47l_f5mvx2vsh8m00000gq/T//ccVwiIq1.s:265    .text.startup:0000003a .LM24
/var/folders/5q/f38rkw6s47l_f5mvx2vsh8m00000gq/T//ccVwiIq1.s:268    .text.startup:0000003c .LM25
/var/folders/5q/f38rkw6s47l_f5mvx2vsh8m00000gq/T//ccVwiIq1.s:271    .text.startup:0000003e .LM26
/var/folders/5q/f38rkw6s47l_f5mvx2vsh8m00000gq/T//ccVwiIq1.s:274    .text.startup:00000040 .LM27
/var/folders/5q/f38rkw6s47l_f5mvx2vsh8m00000gq/T//ccVwiIq1.s:278    .text.startup:00000044 .LM28
/var/folders/5q/f38rkw6s47l_f5mvx2vsh8m00000gq/T//ccVwiIq1.s:281    .text.startup:00000046 .LM29
/var/folders/5q/f38rkw6s47l_f5mvx2vsh8m00000gq/T//ccVwiIq1.s:286    .text.startup:0000004c .LM30
/var/folders/5q/f38rkw6s47l_f5mvx2vsh8m00000gq/T//ccVwiIq1.s:291    .text.startup:00000052 .LM31
/var/folders/5q/f38rkw6s47l_f5mvx2vsh8m00000gq/T//ccVwiIq1.s:300    .text.startup:00000054 .LM32
/var/folders/5q/f38rkw6s47l_f5mvx2vsh8m00000gq/T//ccVwiIq1.s:305    .text.startup:0000005e .LM33
/var/folders/5q/f38rkw6s47l_f5mvx2vsh8m00000gq/T//ccVwiIq1.s:308    .text.startup:00000060 .LM34
/var/folders/5q/f38rkw6s47l_f5mvx2vsh8m00000gq/T//ccVwiIq1.s:311    .text.startup:00000062 .LM35
/var/folders/5q/f38rkw6s47l_f5mvx2vsh8m00000gq/T//ccVwiIq1.s:314    .text.startup:00000064 .LM36
/var/folders/5q/f38rkw6s47l_f5mvx2vsh8m00000gq/T//ccVwiIq1.s:318    .text.startup:00000066 .LM37
/var/folders/5q/f38rkw6s47l_f5mvx2vsh8m00000gq/T//ccVwiIq1.s:328    .text.startup:00000076 .LM38
/var/folders/5q/f38rkw6s47l_f5mvx2vsh8m00000gq/T//ccVwiIq1.s:332    .text.startup:0000007a .LM39
/var/folders/5q/f38rkw6s47l_f5mvx2vsh8m00000gq/T//ccVwiIq1.s:338    .text.startup:00000082 .LM40
/var/folders/5q/f38rkw6s47l_f5mvx2vsh8m00000gq/T//ccVwiIq1.s:342    .text.startup:00000084 .LM41
/var/folders/5q/f38rkw6s47l_f5mvx2vsh8m00000gq/T//ccVwiIq1.s:356    .text.startup:00000092 .LM42
/var/folders/5q/f38rkw6s47l_f5mvx2vsh8m00000gq/T//ccVwiIq1.s:360    .text.startup:00000094 .LM43
/var/folders/5q/f38rkw6s47l_f5mvx2vsh8m00000gq/T//ccVwiIq1.s:363    .text.startup:00000098 .LM44
/var/folders/5q/f38rkw6s47l_f5mvx2vsh8m00000gq/T//ccVwiIq1.s:367    .text.startup:0000009c .LM45
/var/folders/5q/f38rkw6s47l_f5mvx2vsh8m00000gq/T//ccVwiIq1.s:372    .text.startup:000000a6 .LM46
/var/folders/5q/f38rkw6s47l_f5mvx2vsh8m00000gq/T//ccVwiIq1.s:375    .text.startup:000000a8 .LM47
/var/folders/5q/f38rkw6s47l_f5mvx2vsh8m00000gq/T//ccVwiIq1.s:380    .text.startup:000000ae .LM48
/var/folders/5q/f38rkw6s47l_f5mvx2vsh8m00000gq/T//ccVwiIq1.s:385    .text.startup:000000b4 .LM49
/var/folders/5q/f38rkw6s47l_f5mvx2vsh8m00000gq/T//ccVwiIq1.s:389    .text.startup:000000b8 .LM50
/var/folders/5q/f38rkw6s47l_f5mvx2vsh8m00000gq/T//ccVwiIq1.s:394    .text.startup:000000be .LM51
/var/folders/5q/f38rkw6s47l_f5mvx2vsh8m00000gq/T//ccVwiIq1.s:397    .text.startup:000000c0 .LM52
/var/folders/5q/f38rkw6s47l_f5mvx2vsh8m00000gq/T//ccVwiIq1.s:400    .text.startup:000000c2 .LM53
/var/folders/5q/f38rkw6s47l_f5mvx2vsh8m00000gq/T//ccVwiIq1.s:404    .text.startup:000000c4 .LM54
/var/folders/5q/f38rkw6s47l_f5mvx2vsh8m00000gq/T//ccVwiIq1.s:407    .text.startup:000000c6 .LM55
/var/folders/5q/f38rkw6s47l_f5mvx2vsh8m00000gq/T//ccVwiIq1.s:412    .text.startup:000000ca .LM56
/var/folders/5q/f38rkw6s47l_f5mvx2vsh8m00000gq/T//ccVwiIq1.s:415    .text.startup:000000ce .LM57
/var/folders/5q/f38rkw6s47l_f5mvx2vsh8m00000gq/T//ccVwiIq1.s:419    .text.startup:000000d2 .LM58
/var/folders/5q/f38rkw6s47l_f5mvx2vsh8m00000gq/T//ccVwiIq1.s:424    .text.startup:000000dc .LM59
/var/folders/5q/f38rkw6s47l_f5mvx2vsh8m00000gq/T//ccVwiIq1.s:428    .text.startup:000000e0 .LM60
/var/folders/5q/f38rkw6s47l_f5mvx2vsh8m00000gq/T//ccVwiIq1.s:431    .text.startup:000000e2 .LM61
/var/folders/5q/f38rkw6s47l_f5mvx2vsh8m00000gq/T//ccVwiIq1.s:436    .text.startup:000000e6 .LM62
/var/folders/5q/f38rkw6s47l_f5mvx2vsh8m00000gq/T//ccVwiIq1.s:440    .text.startup:000000ea .LM63
/var/folders/5q/f38rkw6s47l_f5mvx2vsh8m00000gq/T//ccVwiIq1.s:446    .text.startup:000000f0 .LM64
/var/folders/5q/f38rkw6s47l_f5mvx2vsh8m00000gq/T//ccVwiIq1.s:453    .text.startup:000000f6 .LM65
/var/folders/5q/f38rkw6s47l_f5mvx2vsh8m00000gq/T//ccVwiIq1.s:458    .text.startup:000000fc .LM66
/var/folders/5q/f38rkw6s47l_f5mvx2vsh8m00000gq/T//ccVwiIq1.s:461    .text.startup:000000fe .LM67
/var/folders/5q/f38rkw6s47l_f5mvx2vsh8m00000gq/T//ccVwiIq1.s:466    .text.startup:00000104 .LM68
/var/folders/5q/f38rkw6s47l_f5mvx2vsh8m00000gq/T//ccVwiIq1.s:469    .text.startup:00000106 .LM69
/var/folders/5q/f38rkw6s47l_f5mvx2vsh8m00000gq/T//ccVwiIq1.s:474    .text.startup:0000010c .LM70
/var/folders/5q/f38rkw6s47l_f5mvx2vsh8m00000gq/T//ccVwiIq1.s:477    .text.startup:0000010e .LM71
/var/folders/5q/f38rkw6s47l_f5mvx2vsh8m00000gq/T//ccVwiIq1.s:482    .text.startup:00000112 .LM72
/var/folders/5q/f38rkw6s47l_f5mvx2vsh8m00000gq/T//ccVwiIq1.s:485    .text.startup:00000116 .LM73
/var/folders/5q/f38rkw6s47l_f5mvx2vsh8m00000gq/T//ccVwiIq1.s:489    .text.startup:0000011a .LM74
/var/folders/5q/f38rkw6s47l_f5mvx2vsh8m00000gq/T//ccVwiIq1.s:494    .text.startup:00000124 .LM75
/var/folders/5q/f38rkw6s47l_f5mvx2vsh8m00000gq/T//ccVwiIq1.s:498    .text.startup:00000128 .LM76
/var/folders/5q/f38rkw6s47l_f5mvx2vsh8m00000gq/T//ccVwiIq1.s:503    .text.startup:00000132 .LM77
/var/folders/5q/f38rkw6s47l_f5mvx2vsh8m00000gq/T//ccVwiIq1.s:513    .text.startup:0000013a .Lscope4
/var/folders/5q/f38rkw6s47l_f5mvx2vsh8m00000gq/T//ccVwiIq1.s:518    .text:00000050 .Letext0
/var/folders/5q/f38rkw6s47l_f5mvx2vsh8m00000gq/T//ccVwiIq1.s:434    .text.startup:000000e6 .L5
/var/folders/5q/f38rkw6s47l_f5mvx2vsh8m00000gq/T//ccVwiIq1.s:480    .text.startup:00000112 .L6
/var/folders/5q/f38rkw6s47l_f5mvx2vsh8m00000gq/T//ccVwiIq1.s:410    .text.startup:000000ca .L7
/var/folders/5q/f38rkw6s47l_f5mvx2vsh8m00000gq/T//ccVwiIq1.s:358    .text.startup:00000094 .L8
/var/folders/5q/f38rkw6s47l_f5mvx2vsh8m00000gq/T//ccVwiIq1.s:316    .text.startup:00000066 .L13
/var/folders/5q/f38rkw6s47l_f5mvx2vsh8m00000gq/T//ccVwiIq1.s:448    .text.startup:000000f2 .L14
/var/folders/5q/f38rkw6s47l_f5mvx2vsh8m00000gq/T//ccVwiIq1.s:402    .text.startup:000000c4 .L10
/var/folders/5q/f38rkw6s47l_f5mvx2vsh8m00000gq/T//ccVwiIq1.s:340    .text.startup:00000084 .L9
/var/folders/5q/f38rkw6s47l_f5mvx2vsh8m00000gq/T//ccVwiIq1.s:451    .text.startup:000000f6 .L11
/var/folders/5q/f38rkw6s47l_f5mvx2vsh8m00000gq/T//ccVwiIq1.s:444    .text.startup:000000f0 .L12

UNDEFINED SYMBOLS
__do_clear_bss
